------------------------------------------------------------
TimeQuest Timing Analyzer Summary
------------------------------------------------------------

Type  : Slow 1200mV 85C Model Setup 'GraphicModule:GraphicModule|vga_controller:vga_controller|vs'
Slack : -2.869
TNS   : -266.377

Type  : Slow 1200mV 85C Model Setup 'GraphicModule:GraphicModule|vga_controller:vga_controller|clkdiv'
Slack : -2.414
TNS   : -39.696

Type  : Slow 1200mV 85C Model Setup 'GameModule:GameModule|shiftUpClock:shiftUpClock|counter[0]'
Slack : -1.420
TNS   : -14.200

Type  : Slow 1200mV 85C Model Setup 'Clk'
Slack : -0.417
TNS   : -0.417

Type  : Slow 1200mV 85C Model Hold 'Clk'
Slack : 0.200
TNS   : 0.000

Type  : Slow 1200mV 85C Model Hold 'GraphicModule:GraphicModule|vga_controller:vga_controller|vs'
Slack : 0.276
TNS   : 0.000

Type  : Slow 1200mV 85C Model Hold 'GameModule:GameModule|shiftUpClock:shiftUpClock|counter[0]'
Slack : 0.427
TNS   : 0.000

Type  : Slow 1200mV 85C Model Hold 'GraphicModule:GraphicModule|vga_controller:vga_controller|clkdiv'
Slack : 0.657
TNS   : 0.000

Type  : Slow 1200mV 85C Model Minimum Pulse Width 'Clk'
Slack : -3.000
TNS   : -4.285

Type  : Slow 1200mV 85C Model Minimum Pulse Width 'GraphicModule:GraphicModule|vga_controller:vga_controller|vs'
Slack : -1.285
TNS   : -137.495

Type  : Slow 1200mV 85C Model Minimum Pulse Width 'GraphicModule:GraphicModule|vga_controller:vga_controller|clkdiv'
Slack : -1.285
TNS   : -28.270

Type  : Slow 1200mV 85C Model Minimum Pulse Width 'GameModule:GameModule|shiftUpClock:shiftUpClock|counter[0]'
Slack : -1.285
TNS   : -12.850

Type  : Slow 1200mV 0C Model Setup 'GraphicModule:GraphicModule|vga_controller:vga_controller|vs'
Slack : -2.546
TNS   : -238.776

Type  : Slow 1200mV 0C Model Setup 'GraphicModule:GraphicModule|vga_controller:vga_controller|clkdiv'
Slack : -2.086
TNS   : -34.033

Type  : Slow 1200mV 0C Model Setup 'GameModule:GameModule|shiftUpClock:shiftUpClock|counter[0]'
Slack : -1.191
TNS   : -11.910

Type  : Slow 1200mV 0C Model Setup 'Clk'
Slack : -0.309
TNS   : -0.309

Type  : Slow 1200mV 0C Model Hold 'Clk'
Slack : 0.157
TNS   : 0.000

Type  : Slow 1200mV 0C Model Hold 'GraphicModule:GraphicModule|vga_controller:vga_controller|vs'
Slack : 0.224
TNS   : 0.000

Type  : Slow 1200mV 0C Model Hold 'GameModule:GameModule|shiftUpClock:shiftUpClock|counter[0]'
Slack : 0.387
TNS   : 0.000

Type  : Slow 1200mV 0C Model Hold 'GraphicModule:GraphicModule|vga_controller:vga_controller|clkdiv'
Slack : 0.602
TNS   : 0.000

Type  : Slow 1200mV 0C Model Minimum Pulse Width 'Clk'
Slack : -3.000
TNS   : -4.285

Type  : Slow 1200mV 0C Model Minimum Pulse Width 'GraphicModule:GraphicModule|vga_controller:vga_controller|vs'
Slack : -1.285
TNS   : -137.495

Type  : Slow 1200mV 0C Model Minimum Pulse Width 'GraphicModule:GraphicModule|vga_controller:vga_controller|clkdiv'
Slack : -1.285
TNS   : -28.270

Type  : Slow 1200mV 0C Model Minimum Pulse Width 'GameModule:GameModule|shiftUpClock:shiftUpClock|counter[0]'
Slack : -1.285
TNS   : -12.850

Type  : Fast 1200mV 0C Model Setup 'GraphicModule:GraphicModule|vga_controller:vga_controller|vs'
Slack : -1.029
TNS   : -84.763

Type  : Fast 1200mV 0C Model Setup 'GraphicModule:GraphicModule|vga_controller:vga_controller|clkdiv'
Slack : -0.669
TNS   : -8.583

Type  : Fast 1200mV 0C Model Setup 'GameModule:GameModule|shiftUpClock:shiftUpClock|counter[0]'
Slack : -0.154
TNS   : -1.540

Type  : Fast 1200mV 0C Model Setup 'Clk'
Slack : 0.132
TNS   : 0.000

Type  : Fast 1200mV 0C Model Hold 'Clk'
Slack : -0.012
TNS   : -0.012

Type  : Fast 1200mV 0C Model Hold 'GraphicModule:GraphicModule|vga_controller:vga_controller|vs'
Slack : 0.128
TNS   : 0.000

Type  : Fast 1200mV 0C Model Hold 'GameModule:GameModule|shiftUpClock:shiftUpClock|counter[0]'
Slack : 0.191
TNS   : 0.000

Type  : Fast 1200mV 0C Model Hold 'GraphicModule:GraphicModule|vga_controller:vga_controller|clkdiv'
Slack : 0.299
TNS   : 0.000

Type  : Fast 1200mV 0C Model Minimum Pulse Width 'Clk'
Slack : -3.000
TNS   : -4.000

Type  : Fast 1200mV 0C Model Minimum Pulse Width 'GraphicModule:GraphicModule|vga_controller:vga_controller|vs'
Slack : -1.000
TNS   : -107.000

Type  : Fast 1200mV 0C Model Minimum Pulse Width 'GraphicModule:GraphicModule|vga_controller:vga_controller|clkdiv'
Slack : -1.000
TNS   : -22.000

Type  : Fast 1200mV 0C Model Minimum Pulse Width 'GameModule:GameModule|shiftUpClock:shiftUpClock|counter[0]'
Slack : -1.000
TNS   : -10.000

------------------------------------------------------------
