------------------------------------------------------------
TimeQuest Timing Analyzer Summary
------------------------------------------------------------

Type  : Slow 1200mV 85C Model Setup 'GraphicModule:GraphicModule|vga_controller:vga_controller|vs'
Slack : -2.858
TNS   : -134.310

Type  : Slow 1200mV 85C Model Setup 'GraphicModule:GraphicModule|vga_controller:vga_controller|clkdiv'
Slack : -2.531
TNS   : -42.599

Type  : Slow 1200mV 85C Model Setup 'Clk'
Slack : -0.145
TNS   : -0.145

Type  : Slow 1200mV 85C Model Hold 'Clk'
Slack : 0.065
TNS   : 0.000

Type  : Slow 1200mV 85C Model Hold 'GraphicModule:GraphicModule|vga_controller:vga_controller|vs'
Slack : 0.409
TNS   : 0.000

Type  : Slow 1200mV 85C Model Hold 'GraphicModule:GraphicModule|vga_controller:vga_controller|clkdiv'
Slack : 0.661
TNS   : 0.000

Type  : Slow 1200mV 85C Model Minimum Pulse Width 'Clk'
Slack : -3.000
TNS   : -4.285

Type  : Slow 1200mV 85C Model Minimum Pulse Width 'GraphicModule:GraphicModule|vga_controller:vga_controller|vs'
Slack : -1.285
TNS   : -86.095

Type  : Slow 1200mV 85C Model Minimum Pulse Width 'GraphicModule:GraphicModule|vga_controller:vga_controller|clkdiv'
Slack : -1.285
TNS   : -28.270

Type  : Slow 1200mV 0C Model Setup 'GraphicModule:GraphicModule|vga_controller:vga_controller|vs'
Slack : -2.464
TNS   : -114.545

Type  : Slow 1200mV 0C Model Setup 'GraphicModule:GraphicModule|vga_controller:vga_controller|clkdiv'
Slack : -2.174
TNS   : -36.620

Type  : Slow 1200mV 0C Model Setup 'Clk'
Slack : -0.048
TNS   : -0.048

Type  : Slow 1200mV 0C Model Hold 'Clk'
Slack : 0.012
TNS   : 0.000

Type  : Slow 1200mV 0C Model Hold 'GraphicModule:GraphicModule|vga_controller:vga_controller|vs'
Slack : 0.366
TNS   : 0.000

Type  : Slow 1200mV 0C Model Hold 'GraphicModule:GraphicModule|vga_controller:vga_controller|clkdiv'
Slack : 0.605
TNS   : 0.000

Type  : Slow 1200mV 0C Model Minimum Pulse Width 'Clk'
Slack : -3.000
TNS   : -4.285

Type  : Slow 1200mV 0C Model Minimum Pulse Width 'GraphicModule:GraphicModule|vga_controller:vga_controller|vs'
Slack : -1.285
TNS   : -86.095

Type  : Slow 1200mV 0C Model Minimum Pulse Width 'GraphicModule:GraphicModule|vga_controller:vga_controller|clkdiv'
Slack : -1.285
TNS   : -28.270

Type  : Fast 1200mV 0C Model Setup 'GraphicModule:GraphicModule|vga_controller:vga_controller|vs'
Slack : -0.865
TNS   : -33.110

Type  : Fast 1200mV 0C Model Setup 'GraphicModule:GraphicModule|vga_controller:vga_controller|clkdiv'
Slack : -0.703
TNS   : -9.938

Type  : Fast 1200mV 0C Model Setup 'Clk'
Slack : 0.214
TNS   : 0.000

Type  : Fast 1200mV 0C Model Hold 'Clk'
Slack : -0.029
TNS   : -0.029

Type  : Fast 1200mV 0C Model Hold 'GraphicModule:GraphicModule|vga_controller:vga_controller|vs'
Slack : 0.189
TNS   : 0.000

Type  : Fast 1200mV 0C Model Hold 'GraphicModule:GraphicModule|vga_controller:vga_controller|clkdiv'
Slack : 0.302
TNS   : 0.000

Type  : Fast 1200mV 0C Model Minimum Pulse Width 'Clk'
Slack : -3.000
TNS   : -4.043

Type  : Fast 1200mV 0C Model Minimum Pulse Width 'GraphicModule:GraphicModule|vga_controller:vga_controller|vs'
Slack : -1.000
TNS   : -67.000

Type  : Fast 1200mV 0C Model Minimum Pulse Width 'GraphicModule:GraphicModule|vga_controller:vga_controller|clkdiv'
Slack : -1.000
TNS   : -22.000

------------------------------------------------------------
